2026-04-25 18:26:35,379 INFO  [org.jboss.modules] (main) JBoss Modules version 1.10.1.Final
2026-04-25 18:26:35,532 INFO  [org.jboss.msc] (main) JBoss MSC version 1.4.11.Final
2026-04-25 18:26:35,534 INFO  [org.jboss.threads] (main) JBoss Threads version 2.3.3.Final
2026-04-25 18:26:35,574 INFO  [org.jboss.as] (MSC service thread 1-2) WFLYSRV0049: WildFly Full 20.0.1.Final (WildFly Core 12.0.3.Final) starting
2026-04-25 18:26:35,575 DEBUG [org.jboss.as.config] (MSC service thread 1-2) Configured system properties:
	[Standalone] = 
	awt.toolkit = sun.lwawt.macosx.LWCToolkit
	file.encoding = UTF-8
	file.separator = /
	gopherProxySet = false
	java.awt.graphicsenv = sun.awt.CGraphicsEnvironment
	java.awt.printerjob = sun.lwawt.macosx.CPrinterJob
	java.class.path = /Users/yaroslavmakogon/IdeaProjects/web-lab4/backend/lab4/wildfly-20.0.1.Final/jboss-modules.jar
	java.class.version = 55.0
	java.home = /opt/homebrew/Cellar/openjdk@11/11.0.30/libexec/openjdk.jdk/Contents/Home
	java.io.tmpdir = /var/folders/mm/wncfk45d5fb6_fdftkhd57bc0000gn/T/
	java.library.path = /Users/yaroslavmakogon/Library/Java/Extensions:/Library/Java/Extensions:/Network/Library/Java/Extensions:/System/Library/Java/Extensions:/usr/lib/java:.
	java.runtime.name = OpenJDK Runtime Environment
	java.runtime.version = 11.0.30+0
	java.specification.maintenance.version = 3
	java.specification.name = Java Platform API Specification
	java.specification.vendor = Oracle Corporation
	java.specification.version = 11
	java.util.logging.manager = org.jboss.logmanager.LogManager
	java.vendor = Homebrew
	java.vendor.url = https://github.com/Homebrew/homebrew-core/issues
	java.vendor.url.bug = https://github.com/Homebrew/homebrew-core/issues
	java.vendor.version = Homebrew
	java.version = 11.0.30
	java.version.date = 2026-01-20
	java.vm.compressedOopsMode = Zero based
	java.vm.info = mixed mode
	java.vm.name = OpenJDK 64-Bit Server VM
	java.vm.specification.name = Java Virtual Machine Specification
	java.vm.specification.vendor = Oracle Corporation
	java.vm.specification.version = 11
	java.vm.vendor = Homebrew
	java.vm.version = 11.0.30+0
	javax.management.builder.initial = org.jboss.as.jmx.PluggableMBeanServerBuilder
	jboss.home.dir = /Users/yaroslavmakogon/IdeaProjects/web-lab4/backend/lab4/wildfly-20.0.1.Final
	jboss.host.name = macbook-pro-aroslav
	jboss.modules.dir = /Users/yaroslavmakogon/IdeaProjects/web-lab4/backend/lab4/wildfly-20.0.1.Final/modules
	jboss.node.name = macbook-pro-aroslav
	jboss.qualified.host.name = macbook-pro-aroslav.local
	jboss.server.base.dir = /Users/yaroslavmakogon/IdeaProjects/web-lab4/backend/lab4/wildfly-20.0.1.Final/standalone
	jboss.server.config.dir = /Users/yaroslavmakogon/IdeaProjects/web-lab4/backend/lab4/wildfly-20.0.1.Final/standalone/configuration
	jboss.server.data.dir = /Users/yaroslavmakogon/IdeaProjects/web-lab4/backend/lab4/wildfly-20.0.1.Final/standalone/data
	jboss.server.deploy.dir = /Users/yaroslavmakogon/IdeaProjects/web-lab4/backend/lab4/wildfly-20.0.1.Final/standalone/data/content
	jboss.server.log.dir = /Users/yaroslavmakogon/IdeaProjects/web-lab4/backend/lab4/wildfly-20.0.1.Final/standalone/log
	jboss.server.name = macbook-pro-aroslav
	jboss.server.persist.config = true
	jboss.server.temp.dir = /Users/yaroslavmakogon/IdeaProjects/web-lab4/backend/lab4/wildfly-20.0.1.Final/standalone/tmp
	jdk.debug = release
	line.separator = 

	logging.configuration = file:/Users/yaroslavmakogon/IdeaProjects/web-lab4/backend/lab4/wildfly-20.0.1.Final/standalone/configuration/logging.properties
	module.path = /Users/yaroslavmakogon/IdeaProjects/web-lab4/backend/lab4/wildfly-20.0.1.Final/modules
	org.jboss.boot.log.file = /Users/yaroslavmakogon/IdeaProjects/web-lab4/backend/lab4/wildfly-20.0.1.Final/standalone/log/server.log
	org.jboss.resolver.warning = true
	os.arch = aarch64
	os.name = Mac OS X
	os.version = 26.2
	path.separator = :
	sun.arch.data.model = 64
	sun.boot.library.path = /opt/homebrew/Cellar/openjdk@11/11.0.30/libexec/openjdk.jdk/Contents/Home/lib
	sun.cpu.endian = little
	sun.cpu.isalist = 
	sun.io.unicode.encoding = UnicodeBig
	sun.java.command = /Users/yaroslavmakogon/IdeaProjects/web-lab4/backend/lab4/wildfly-20.0.1.Final/jboss-modules.jar -mp /Users/yaroslavmakogon/IdeaProjects/web-lab4/backend/lab4/wildfly-20.0.1.Final/modules org.jboss.as.standalone -Djboss.home.dir=/Users/yaroslavmakogon/IdeaProjects/web-lab4/backend/lab4/wildfly-20.0.1.Final -Djboss.server.base.dir=/Users/yaroslavmakogon/IdeaProjects/web-lab4/backend/lab4/wildfly-20.0.1.Final/standalone
	sun.java.launcher = SUN_STANDARD
	sun.jnu.encoding = UTF-8
	sun.management.compiler = HotSpot 64-Bit Tiered Compilers
	sun.os.patch.level = unknown
	user.country = RU
	user.dir = /Users/yaroslavmakogon/IdeaProjects/web-lab4/backend/lab4
	user.home = /Users/yaroslavmakogon
	user.language = ru
	user.name = yaroslavmakogon
	user.timezone = Europe/Moscow
2026-04-25 18:26:35,576 DEBUG [org.jboss.as.config] (MSC service thread 1-2) VM Arguments: -D[Standalone] --add-opens=java.base/java.lang=ALL-UNNAMED --add-opens=java.base/java.io=ALL-UNNAMED --add-exports=java.base/sun.nio.ch=ALL-UNNAMED --add-exports=jdk.unsupported/sun.misc=ALL-UNNAMED --add-exports=jdk.unsupported/sun.reflect=ALL-UNNAMED -Dorg.jboss.boot.log.file=/Users/yaroslavmakogon/IdeaProjects/web-lab4/backend/lab4/wildfly-20.0.1.Final/standalone/log/server.log -Dlogging.configuration=file:/Users/yaroslavmakogon/IdeaProjects/web-lab4/backend/lab4/wildfly-20.0.1.Final/standalone/configuration/logging.properties 
2026-04-25 18:26:35,799 INFO  [org.wildfly.security] (ServerService Thread Pool -- 28) ELY00001: WildFly Elytron version 1.12.1.Final
2026-04-25 18:26:35,942 INFO  [org.jboss.as.controller.management-deprecated] (Controller Boot Thread) WFLYCTL0028: Attribute 'security-realm' in the resource at address '/core-service=management/management-interface=http-interface' is deprecated, and may be removed in a future version. See the attribute description in the output of the read-resource-description operation to learn more about the deprecation.
2026-04-25 18:26:35,949 INFO  [org.jboss.as.controller.management-deprecated] (ServerService Thread Pool -- 5) WFLYCTL0028: Attribute 'security-realm' in the resource at address '/subsystem=undertow/server=default-server/https-listener=https' is deprecated, and may be removed in a future version. See the attribute description in the output of the read-resource-description operation to learn more about the deprecation.
2026-04-25 18:26:35,951 WARN  [org.jboss.as.server.deployment.scanner] (DeploymentScanner-threads - 1) WFLYDS0037: /Users/yaroslavmakogon/IdeaProjects/web-lab4/backend/lab4/wildfly-20.0.1.Final/standalone/deployments does not exist
2026-04-25 18:26:35,951 ERROR [org.jboss.as.server.deployment.scanner] (DeploymentScanner-threads - 1) WFLYDS0042: Boot-time scan failed due to inaccessible deployment directory: /Users/yaroslavmakogon/IdeaProjects/web-lab4/backend/lab4/wildfly-20.0.1.Final/standalone/deployments
2026-04-25 18:26:35,969 INFO  [org.jboss.as.server] (Controller Boot Thread) WFLYSRV0039: Creating http management service using socket-binding (management-http)
2026-04-25 18:26:35,974 INFO  [org.xnio] (MSC service thread 1-5) XNIO version 3.8.1.Final
2026-04-25 18:26:35,976 INFO  [org.xnio.nio] (MSC service thread 1-5) XNIO NIO Implementation Version 3.8.1.Final
2026-04-25 18:26:35,984 INFO  [org.jboss.as.clustering.infinispan] (ServerService Thread Pool -- 52) WFLYCLINF0001: Activating Infinispan subsystem.
2026-04-25 18:26:35,984 INFO  [org.wildfly.extension.microprofile.jwt.smallrye._private] (ServerService Thread Pool -- 63) WFLYJWT0001: Activating WildFly MicroProfile JWT Subsystem
2026-04-25 18:26:35,986 WARN  [org.jboss.as.txn] (ServerService Thread Pool -- 74) WFLYTX0013: The node-identifier attribute on the /subsystem=transactions is set to the default value. This is a danger for environments running multiple servers. Please make sure the attribute value is unique.
2026-04-25 18:26:35,988 INFO  [org.wildfly.extension.microprofile.config.smallrye._private] (ServerService Thread Pool -- 61) WFLYCONF0001: Activating WildFly MicroProfile Config Subsystem
2026-04-25 18:26:35,989 INFO  [org.wildfly.extension.io] (ServerService Thread Pool -- 53) WFLYIO001: Worker 'default' has auto-configured to 20 IO threads with 160 max task threads based on your 10 available processors
2026-04-25 18:26:35,989 INFO  [org.jboss.as.naming] (ServerService Thread Pool -- 66) WFLYNAM0001: Activating Naming Subsystem
2026-04-25 18:26:35,992 INFO  [org.jboss.as.jaxrs] (ServerService Thread Pool -- 54) WFLYRS0016: RESTEasy version 3.12.1.Final
2026-04-25 18:26:35,992 INFO  [org.jboss.as.connector] (MSC service thread 1-7) WFLYJCA0009: Starting JCA Subsystem (WildFly/IronJacamar 1.4.22.Final)
2026-04-25 18:26:35,992 INFO  [org.wildfly.extension.microprofile.metrics.smallrye] (ServerService Thread Pool -- 64) WFLYMETRICS0001: Activating Eclipse MicroProfile Metrics Subsystem
2026-04-25 18:26:35,993 INFO  [org.wildfly.extension.microprofile.health.smallrye] (ServerService Thread Pool -- 62) WFLYHEALTH0001: Activating Eclipse MicroProfile Health Subsystem
2026-04-25 18:26:35,993 INFO  [org.jboss.as.webservices] (ServerService Thread Pool -- 76) WFLYWS0002: Activating WebServices Extension
2026-04-25 18:26:35,993 INFO  [org.wildfly.extension.microprofile.opentracing] (ServerService Thread Pool -- 65) WFLYTRACEXT0001: Activating MicroProfile OpenTracing Subsystem
2026-04-25 18:26:35,994 INFO  [org.jboss.as.jsf] (ServerService Thread Pool -- 59) WFLYJSF0007: Activated the following JSF Implementations: [main]
2026-04-25 18:26:35,995 INFO  [org.jboss.as.security] (ServerService Thread Pool -- 72) WFLYSEC0002: Activating Security Subsystem
2026-04-25 18:26:35,997 INFO  [org.jboss.as.security] (MSC service thread 1-7) WFLYSEC0001: Current PicketBox version=5.0.3.Final-redhat-00005
2026-04-25 18:26:36,006 INFO  [org.jboss.as.naming] (MSC service thread 1-7) WFLYNAM0003: Starting Naming Service
2026-04-25 18:26:36,014 INFO  [org.jboss.as.mail.extension] (MSC service thread 1-7) WFLYMAIL0001: Bound mail session [java:jboss/mail/Default]
2026-04-25 18:26:36,017 INFO  [org.jboss.as.connector.subsystems.datasources] (ServerService Thread Pool -- 44) WFLYJCA0004: Deploying JDBC-compliant driver class org.h2.Driver (version 1.4)
2026-04-25 18:26:36,017 INFO  [org.wildfly.extension.undertow] (MSC service thread 1-4) WFLYUT0003: Undertow 2.1.3.Final starting
2026-04-25 18:26:36,022 INFO  [org.jboss.remoting] (MSC service thread 1-5) JBoss Remoting version 5.0.18.Final
2026-04-25 18:26:36,023 INFO  [org.jboss.as.connector.subsystems.datasources] (ServerService Thread Pool -- 44) WFLYJCA0005: Deploying non-JDBC-compliant driver class org.postgresql.Driver (version 42.7)
2026-04-25 18:26:36,027 INFO  [org.jboss.as.connector.deployers.jdbc] (MSC service thread 1-4) WFLYJCA0018: Started Driver service with driver-name = h2
2026-04-25 18:26:36,029 INFO  [org.jboss.as.connector.deployers.jdbc] (MSC service thread 1-2) WFLYJCA0018: Started Driver service with driver-name = postgresql
2026-04-25 18:26:36,050 INFO  [org.wildfly.extension.undertow] (ServerService Thread Pool -- 75) WFLYUT0014: Creating file handler for path '/Users/yaroslavmakogon/IdeaProjects/web-lab4/backend/lab4/wildfly-20.0.1.Final/welcome-content' with options [directory-listing: 'false', follow-symlink: 'false', case-sensitive: 'true', safe-symlink-paths: '[]']
2026-04-25 18:26:36,058 INFO  [org.wildfly.extension.undertow] (MSC service thread 1-6) WFLYUT0012: Started server default-server.
2026-04-25 18:26:36,059 INFO  [org.wildfly.extension.undertow] (MSC service thread 1-2) WFLYUT0018: Host default-host starting
2026-04-25 18:26:36,068 INFO  [org.jboss.as.ejb3] (MSC service thread 1-6) WFLYEJB0482: Strict pool mdb-strict-max-pool is using a max instance size of 40 (per class), which is derived from the number of CPUs on this host.
2026-04-25 18:26:36,068 INFO  [org.jboss.as.ejb3] (MSC service thread 1-2) WFLYEJB0481: Strict pool slsb-strict-max-pool is using a max instance size of 160 (per class), which is derived from thread worker pool sizing.
2026-04-25 18:26:36,082 INFO  [org.wildfly.extension.undertow] (MSC service thread 1-8) WFLYUT0006: Undertow HTTP listener default listening on 127.0.0.1:12030
2026-04-25 18:26:36,102 INFO  [org.jboss.as.ejb3] (MSC service thread 1-5) WFLYEJB0493: EJB subsystem suspension complete
2026-04-25 18:26:36,117 INFO  [org.jboss.as.connector.subsystems.datasources] (MSC service thread 1-1) WFLYJCA0001: Bound data source [java:jboss/datasources/ExampleDS]
2026-04-25 18:26:36,188 INFO  [org.jboss.as.patching] (MSC service thread 1-2) WFLYPAT0050: WildFly Full cumulative patch ID is: base, one-off patches include: none
